---
source: snapshot_plans.sqltest
expression: PRAGMA quick_check;
info:
  statement_type: OTHER
  setup_blocks:
  - schema_multi_table
  database: ':memory:'
---
QUERY PLAN


BYTECODE
addr  opcode         p1   p2  p3  p4                                       p5  comment
   0  Init            0  111   0                                            0  Start at 111
   1  Integer        99    2   0                                            0  r[2]=99
   2  Integer         0    3   0                                            0  r[3]=0
   3  IntegrityCk   100    0   0                                            0  db=0 roots=[2, 4, 3, 5, 7, 6, 1] message_register=4
   4  IsNull          4   11   0                                            0  if (r[4]==NULL) goto 11
   5  String8         0    5   0  *** in database main ***
                 0  r[5]='*** in database main ***
'
   6  Concat          4    5   4                                            0  r[4]=r[5] + r[4]
   7  Integer         1    3   0                                            0  r[3]=1
   8  ResultRow       4    1   0                                            0  output=r[4]
   9  IfPos           2   11   1                                            0  r[2]>0 -> r[2]-=1, goto 11
  10  Halt            0    0   0                                            0
  11  OpenRead        0    2   0  k(2,B,B)                                  0  table=t1, root=2, iDb=0
  12  OpenRead        1    4   0  k(2,B)                                    0  =idx_t1_b_u, root=4, iDb=0
  13  Integer         0    6   0                                            0  r[6]=0
  14  OpenRead        2    3   0  k(2,B)                                    0  =idx_t1_b, root=3, iDb=0
  15  Integer         0    7   0                                            0  r[7]=0
  16  Integer         0    8   0                                            0  r[8]=0
  17  Rewind          0   33   0                                            0  Rewind table t1
  18    AddImm        8    1   0                                            0  r[8]=r[8]+1
  19    Column        0    1   9                                            0  r[9]=t1.b
  20    NotNull       9   26   0                                            0  r[9]!=NULL -> goto 26
  21    String8       0    4   0  NULL value in t1.b                        0  r[4]='NULL value in t1.b'
  22    Integer       1    3   0                                            0  r[3]=1
  23    ResultRow     4    1   0                                            0  output=r[4]
  24    IfPos         2   26   1                                            0  r[2]>0 -> r[2]-=1, goto 26
  25    Halt          0    0   0                                            0
  26    AddImm        6    1   0                                            0  r[6]=r[6]+1
  27    Column        0    1  10                                            0  r[10]=t1.b
  28    RowId         0   11   0                                            0  r[11]=t1.rowid
  29    AddImm        7    1   0                                            0  r[7]=r[7]+1
  30    Column        0    1  12                                            0  r[12]=t1.b
  31    RowId         0   13   0                                            0  r[13]=t1.rowid
  32  Next            0   18   0                                            0
  33  Count           1   14   0                                            0
  34  Eq             14    6  40                                            0  if r[14]==r[6] goto 40
  35  String8         0    4   0  wrong # of entries in index idx_t1_b_u    0  r[4]='wrong # of entries in index idx_t1_b_u'
  36  Integer         1    3   0                                            0  r[3]=1
  37  ResultRow       4    1   0                                            0  output=r[4]
  38  IfPos           2   40   1                                            0  r[2]>0 -> r[2]-=1, goto 40
  39  Halt            0    0   0                                            0
  40  Close           1    0   0                                            0
  41  Count           2   15   0                                            0
  42  Eq             15    7  48                                            0  if r[15]==r[7] goto 48
  43  String8         0    4   0  wrong # of entries in index idx_t1_b      0  r[4]='wrong # of entries in index idx_t1_b'
  44  Integer         1    3   0                                            0  r[3]=1
  45  ResultRow       4    1   0                                            0  output=r[4]
  46  IfPos           2   48   1                                            0  r[2]>0 -> r[2]-=1, goto 48
  47  Halt            0    0   0                                            0
  48  Close           2    0   0                                            0
  49  Close           0    0   0                                            0
  50  OpenRead        3    5   0  k(3,B,B,B)                                0  table=t2, root=5, iDb=0
  51  OpenRead        4    7   0  k(2,B)                                    0  =idx_t2_expr, root=7, iDb=0
  52  Integer         0   16   0                                            0  r[16]=0
  53  OpenRead        5    6   0  k(2,B)                                    0  =idx_t2_y, root=6, iDb=0
  54  Integer         0   17   0                                            0  r[17]=0
  55  Integer         0   18   0                                            0  r[18]=0
  56  Rewind          3   84   0                                            0  Rewind table t2
  57    AddImm       18    1   0                                            0  r[18]=r[18]+1
  58    Column        3    1  19                                            0  r[19]=t2.y
  59    NotNull      19   65   0                                            0  r[19]!=NULL -> goto 65
  60    String8       0    4   0  NULL value in t2.y                        0  r[4]='NULL value in t2.y'
  61    Integer       1    3   0                                            0  r[3]=1
  62    ResultRow     4    1   0                                            0  output=r[4]
  63    IfPos         2   65   1                                            0  r[2]>0 -> r[2]-=1, goto 65
  64    Halt          0    0   0                                            0
  65    Column        3    2  21                                            0  r[21]=t2.z
  66    Integer       0   22   0                                            0  r[22]=0
  67    Integer       1   20   0                                            0  r[20]=1
  68    Gt           21   22  70  Binary                                    0  if r[21]>r[22] goto 70
  69    ZeroOrNull   21   20  22                                            0  ((r[21]=NULL)|(r[22]=NULL)) ? r[20]=NULL : r[20]=0
  70    If           20   76   1                                            0  if r[20] goto 76
  71    String8       0    4   0  CHECK constraint failed in t2             0  r[4]='CHECK constraint failed in t2'
  72    Integer       1    3   0                                            0  r[3]=1
  73    ResultRow     4    1   0                                            0  output=r[4]
  74    IfPos         2   76   1                                            0  r[2]>0 -> r[2]-=1, goto 76
  75    Halt          0    0   0                                            0
  76    AddImm       16    1   0                                            0  r[16]=r[16]+1
  77    Column        3    1  25                                            0  r[25]=t2.y
  78    Function      0   25  23  lower                                     0  r[23]=func(r[25])
  79    RowId         3   24   0                                            0  r[24]=t2.rowid
  80    AddImm       17    1   0                                            0  r[17]=r[17]+1
  81    Column        3    1  26                                            0  r[26]=t2.y
  82    RowId         3   27   0                                            0  r[27]=t2.rowid
  83  Next            3   57   0                                            0
  84  Count           4   28   0                                            0
  85  Eq             28   16  91                                            0  if r[28]==r[16] goto 91
  86  String8         0    4   0  wrong # of entries in index idx_t2_expr   0  r[4]='wrong # of entries in index idx_t2_expr'
  87  Integer         1    3   0                                            0  r[3]=1
  88  ResultRow       4    1   0                                            0  output=r[4]
  89  IfPos           2   91   1                                            0  r[2]>0 -> r[2]-=1, goto 91
  90  Halt            0    0   0                                            0
  91  Close           4    0   0                                            0
  92  Count           5   29   0                                            0
  93  Eq             29   17  99                                            0  if r[29]==r[17] goto 99
  94  String8         0    4   0  wrong # of entries in index idx_t2_y      0  r[4]='wrong # of entries in index idx_t2_y'
  95  Integer         1    3   0                                            0  r[3]=1
  96  ResultRow       4    1   0                                            0  output=r[4]
  97  IfPos           2   99   1                                            0  r[2]>0 -> r[2]-=1, goto 99
  98  Halt            0    0   0                                            0
  99  Close           5    0   0                                            0
 100  Close           3    0   0                                            0
 101  OpenRead        6    1   0  k(6,B,B,B,B,B)                            0  table=sqlite_schema, root=1, iDb=0
 102  Integer         0   30   0                                            0  r[30]=0
 103  Rewind          6  106   0                                            0  Rewind table sqlite_schema
 104    AddImm       30    1   0                                            0  r[30]=r[30]+1
 105  Next            6  104   0                                            0
 106  Close           6    0   0                                            0
 107  If              3  110   0                                            0  if r[3] goto 110
 108  String8         0    4   0  ok                                        0  r[4]='ok'
 109  ResultRow       4    1   0                                            0  output=r[4]
 110  Halt            0    0   0                                            0
 111  Transaction     0    1   6                                            0  iDb=0 tx_mode=Read
 112  Goto            0    1   0                                            0
